15:18:31 **** Incremental Build of configuration Debug for project DHT11_LCD ****
make -j12 all 
arm-none-eabi-gcc "../Core/Src/main.c" -mcpu=cortex-m4 -std=gnu11 -g3 -DDEBUG -DUSE_HAL_DRIVER -DSTM32F407xx -c -I../Core/Inc -I../Drivers/STM32F4xx_HAL_Driver/Inc -I../Drivers/STM32F4xx_HAL_Driver/Inc/Legacy -I../Drivers/CMSIS/Device/ST/STM32F4xx/Include -I../Drivers/CMSIS/Include -O0 -ffunction-sections -fdata-sections -Wall -fstack-usage -fcyclomatic-complexity -MMD -MP -MF"Core/Src/main.d" -MT"Core/Src/main.o" --specs=nano.specs -mfpu=fpv4-sp-d16 -mfloat-abi=hard -mthumb -o "Core/Src/main.o"
arm-none-eabi-gcc -o "DHT11_LCD.elf" @"objects.list"   -mcpu=cortex-m4 -T"D:\SUNBEAM\ARM_94255_shifa\Smart_Env_Moniter\DHT11_LCD\STM32F407VGTX_FLASH.ld" --specs=nosys.specs -Wl,-Map="DHT11_LCD.map" -Wl,--gc-sections -static --specs=nano.specs -mfpu=fpv4-sp-d16 -mfloat-abi=hard -mthumb -Wl,--start-group -lc -lm -Wl,--end-group
Finished building target: DHT11_LCD.elf
 
arm-none-eabi-size  DHT11_LCD.elf 
arm-none-eabi-objdump -h -S DHT11_LCD.elf  > "DHT11_LCD.list"
   text	   data	    bss	    dec	    hex	filename
   6776	     92	   1924	   8792	   2258	DHT11_LCD.elf
Finished building: default.size.stdout
 
Finished building: DHT11_LCD.list
 
