09:58:37 **** Incremental Build of configuration Debug for project TOGGLE_LED_USING_HAL ****
make -j12 all 
arm-none-eabi-gcc "../Core/Src/main.c" -mcpu=cortex-m4 -std=gnu11 -g3 -DDEBUG -DUSE_HAL_DRIVER -DSTM32F407xx -c -I../Core/Inc -I../Drivers/STM32F4xx_HAL_Driver/Inc -I../Drivers/STM32F4xx_HAL_Driver/Inc/Legacy -I../Drivers/CMSIS/Device/ST/STM32F4xx/Include -I../Drivers/CMSIS/Include -O0 -ffunction-sections -fdata-sections -Wall -fstack-usage -fcyclomatic-complexity -MMD -MP -MF"Core/Src/main.d" -MT"Core/Src/main.o" --specs=nano.specs -mfpu=fpv4-sp-d16 -mfloat-abi=hard -mthumb -o "Core/Src/main.o"
arm-none-eabi-gcc -o "TOGGLE_LED_USING_HAL.elf" @"objects.list"   -mcpu=cortex-m4 -T"C:\Users\mulla\OneDrive\Desktop\sunbeam data\ARM_94255_shifa\day-6\assignment-6\TOGGLE_LED_USING_HAL\STM32F407VGTX_FLASH.ld" --specs=nosys.specs -Wl,-Map="TOGGLE_LED_USING_HAL.map" -Wl,--gc-sections -static --specs=nano.specs -mfpu=fpv4-sp-d16 -mfloat-abi=hard -mthumb -Wl,--start-group -lc -lm -Wl,--end-group
Finished building target: TOGGLE_LED_USING_HAL.elf
 
arm-none-eabi-size  TOGGLE_LED_USING_HAL.elf 
arm-none-eabi-objdump -h -S TOGGLE_LED_USING_HAL.elf  > "TOGGLE_LED_USING_HAL.list"
   text	   data	    bss	    dec	    hex	filename
   5984	     12	   1572	   7568	   1d90	TOGGLE_LED_USING_HAL.elf
Finished building: default.size.stdout
 
Finished building: TOGGLE_LED_USING_HAL.list
 
09:58:42 **** Incremental Build of configuration Debug for project TOGGLE_LED_USING_HAL ****
make -j12 all 
arm-none-eabi-size  TOGGLE_LED_USING_HAL.elf 
   text	   data	    bss	    dec	    hex	filename
   5984	     12	   1572	   7568	   1d90	TOGGLE_LED_USING_HAL.elf
Finished building: default.size.stdout
 
