Archive member included to satisfy reference by file (symbol)

C:/Users/mulla/STM32CubeIDE_1.19.0/STM32CubeIDE/plugins/com.st.stm32cube.ide.mcu.externaltools.gnu-tools-for-stm32.13.3.rel1.win32_1.0.0.202411081344/tools/bin/../lib/gcc/arm-none-eabi/13.3.1/../../../../arm-none-eabi/lib/thumb/v7e-m/nofp\libc_nano.a(libc_a-exit.o)
                              C:/Users/mulla/STM32CubeIDE_1.19.0/STM32CubeIDE/plugins/com.st.stm32cube.ide.mcu.externaltools.gnu-tools-for-stm32.13.3.rel1.win32_1.0.0.202411081344/tools/bin/../lib/gcc/arm-none-eabi/13.3.1/../../../../arm-none-eabi/lib/thumb/v7e-m/nofp/crt0.o (exit)
C:/Users/mulla/STM32CubeIDE_1.19.0/STM32CubeIDE/plugins/com.st.stm32cube.ide.mcu.externaltools.gnu-tools-for-stm32.13.3.rel1.win32_1.0.0.202411081344/tools/bin/../lib/gcc/arm-none-eabi/13.3.1/../../../../arm-none-eabi/lib/thumb/v7e-m/nofp\libc_nano.a(libc_a-findfp.o)
                              C:/Users/mulla/STM32CubeIDE_1.19.0/STM32CubeIDE/plugins/com.st.stm32cube.ide.mcu.externaltools.gnu-tools-for-stm32.13.3.rel1.win32_1.0.0.202411081344/tools/bin/../lib/gcc/arm-none-eabi/13.3.1/../../../../arm-none-eabi/lib/thumb/v7e-m/nofp\libc_nano.a(libc_a-exit.o) (__stdio_exit_handler)
C:/Users/mulla/STM32CubeIDE_1.19.0/STM32CubeIDE/plugins/com.st.stm32cube.ide.mcu.externaltools.gnu-tools-for-stm32.13.3.rel1.win32_1.0.0.202411081344/tools/bin/../lib/gcc/arm-none-eabi/13.3.1/../../../../arm-none-eabi/lib/thumb/v7e-m/nofp\libc_nano.a(libc_a-fwalk.o)
                              C:/Users/mulla/STM32CubeIDE_1.19.0/STM32CubeIDE/plugins/com.st.stm32cube.ide.mcu.externaltools.gnu-tools-for-stm32.13.3.rel1.win32_1.0.0.202411081344/tools/bin/../lib/gcc/arm-none-eabi/13.3.1/../../../../arm-none-eabi/lib/thumb/v7e-m/nofp\libc_nano.a(libc_a-findfp.o) (_fwalk_sglue)
C:/Users/mulla/STM32CubeIDE_1.19.0/STM32CubeIDE/plugins/com.st.stm32cube.ide.mcu.externaltools.gnu-tools-for-stm32.13.3.rel1.win32_1.0.0.202411081344/tools/bin/../lib/gcc/arm-none-eabi/13.3.1/../../../../arm-none-eabi/lib/thumb/v7e-m/nofp\libc_nano.a(libc_a-stdio.o)
                              C:/Users/mulla/STM32CubeIDE_1.19.0/STM32CubeIDE/plugins/com.st.stm32cube.ide.mcu.externaltools.gnu-tools-for-stm32.13.3.rel1.win32_1.0.0.202411081344/tools/bin/../lib/gcc/arm-none-eabi/13.3.1/../../../../arm-none-eabi/lib/thumb/v7e-m/nofp\libc_nano.a(libc_a-findfp.o) (__sread)
C:/Users/mulla/STM32CubeIDE_1.19.0/STM32CubeIDE/plugins/com.st.stm32cube.ide.mcu.externaltools.gnu-tools-for-stm32.13.3.rel1.win32_1.0.0.202411081344/tools/bin/../lib/gcc/arm-none-eabi/13.3.1/../../../../arm-none-eabi/lib/thumb/v7e-m/nofp\libc_nano.a(libc_a-memset.o)
                              C:/Users/mulla/STM32CubeIDE_1.19.0/STM32CubeIDE/plugins/com.st.stm32cube.ide.mcu.externaltools.gnu-tools-for-stm32.13.3.rel1.win32_1.0.0.202411081344/tools/bin/../lib/gcc/arm-none-eabi/13.3.1/../../../../arm-none-eabi/lib/thumb/v7e-m/nofp/crt0.o (memset)
C:/Users/mulla/STM32CubeIDE_1.19.0/STM32CubeIDE/plugins/com.st.stm32cube.ide.mcu.externaltools.gnu-tools-for-stm32.13.3.rel1.win32_1.0.0.202411081344/tools/bin/../lib/gcc/arm-none-eabi/13.3.1/../../../../arm-none-eabi/lib/thumb/v7e-m/nofp\libc_nano.a(libc_a-closer.o)
                              C:/Users/mulla/STM32CubeIDE_1.19.0/STM32CubeIDE/plugins/com.st.stm32cube.ide.mcu.externaltools.gnu-tools-for-stm32.13.3.rel1.win32_1.0.0.202411081344/tools/bin/../lib/gcc/arm-none-eabi/13.3.1/../../../../arm-none-eabi/lib/thumb/v7e-m/nofp\libc_nano.a(libc_a-stdio.o) (_close_r)
C:/Users/mulla/STM32CubeIDE_1.19.0/STM32CubeIDE/plugins/com.st.stm32cube.ide.mcu.externaltools.gnu-tools-for-stm32.13.3.rel1.win32_1.0.0.202411081344/tools/bin/../lib/gcc/arm-none-eabi/13.3.1/../../../../arm-none-eabi/lib/thumb/v7e-m/nofp\libc_nano.a(libc_a-reent.o)
                              C:/Users/mulla/STM32CubeIDE_1.19.0/STM32CubeIDE/plugins/com.st.stm32cube.ide.mcu.externaltools.gnu-tools-for-stm32.13.3.rel1.win32_1.0.0.202411081344/tools/bin/../lib/gcc/arm-none-eabi/13.3.1/../../../../arm-none-eabi/lib/thumb/v7e-m/nofp\libc_nano.a(libc_a-closer.o) (errno)
C:/Users/mulla/STM32CubeIDE_1.19.0/STM32CubeIDE/plugins/com.st.stm32cube.ide.mcu.externaltools.gnu-tools-for-stm32.13.3.rel1.win32_1.0.0.202411081344/tools/bin/../lib/gcc/arm-none-eabi/13.3.1/../../../../arm-none-eabi/lib/thumb/v7e-m/nofp\libc_nano.a(libc_a-impure.o)
                              C:/Users/mulla/STM32CubeIDE_1.19.0/STM32CubeIDE/plugins/com.st.stm32cube.ide.mcu.externaltools.gnu-tools-for-stm32.13.3.rel1.win32_1.0.0.202411081344/tools/bin/../lib/gcc/arm-none-eabi/13.3.1/../../../../arm-none-eabi/lib/thumb/v7e-m/nofp\libc_nano.a(libc_a-reent.o) (_impure_ptr)
C:/Users/mulla/STM32CubeIDE_1.19.0/STM32CubeIDE/plugins/com.st.stm32cube.ide.mcu.externaltools.gnu-tools-for-stm32.13.3.rel1.win32_1.0.0.202411081344/tools/bin/../lib/gcc/arm-none-eabi/13.3.1/../../../../arm-none-eabi/lib/thumb/v7e-m/nofp\libc_nano.a(libc_a-lseekr.o)
[...]
Memory Configuration

Name             Origin             Length             Attributes
CCMRAM           0x10000000         0x00010000         xrw
RAM              0x20000000         0x00020000         xrw
FLASH            0x08000000         0x00100000         xr
*default*        0x00000000         0xffffffff

Linker script and memory map

LOAD C:/Users/mulla/STM32CubeIDE_1.19.0/STM32CubeIDE/plugins/com.st.stm32cube.ide.mcu.externaltools.gnu-tools-for-stm32.13.3.rel1.win32_1.0.0.202411081344/tools/bin/../lib/gcc/arm-none-eabi/13.3.1/thumb/v7e-m/nofp/crti.o
LOAD C:/Users/mulla/STM32CubeIDE_1.19.0/STM32CubeIDE/plugins/com.st.stm32cube.ide.mcu.externaltools.gnu-tools-for-stm32.13.3.rel1.win32_1.0.0.202411081344/tools/bin/../lib/gcc/arm-none-eabi/13.3.1/thumb/v7e-m/nofp/crtbegin.o
LOAD C:/Users/mulla/STM32CubeIDE_1.19.0/STM32CubeIDE/plugins/com.st.stm32cube.ide.mcu.externaltools.gnu-tools-for-stm32.13.3.rel1.win32_1.0.0.202411081344/tools/bin/../lib/gcc/arm-none-eabi/13.3.1/../../../../arm-none-eabi/lib/thumb/v7e-m/nofp/crt0.o
LOAD ./Core/Src/main.o
LOAD ./Core/Src/my_lcd.o
LOAD ./Core/Src/stm32f4xx_hal_msp.o
LOAD ./Core/Src/stm32f4xx_it.o
LOAD ./Core/Src/syscalls.o
LOAD ./Core/Src/sysmem.o
LOAD ./Core/Src/system_stm32f4xx.o
LOAD ./Core/Startup/startup_stm32f407vgtx.o
LOAD ./Drivers/STM32F4xx_HAL_Driver/Src/stm32f4xx_hal.o
LOAD ./Drivers/STM32F4xx_HAL_Driver/Src/stm32f4xx_hal_cortex.o
LOAD ./Drivers/STM32F4xx_HAL_Driver/Src/stm32f4xx_hal_dma.o
LOAD ./Drivers/STM32F4xx_HAL_Driver/Src/stm32f4xx_hal_dma_ex.o
LOAD ./Drivers/STM32F4xx_HAL_Driver/Src/stm32f4xx_hal_exti.o
LOAD ./Drivers/STM32F4xx_HAL_Driver/Src/stm32f4xx_hal_flash.o
LOAD ./Drivers/STM32F4xx_HAL_Driver/Src/stm32f4xx_hal_flash_ex.o
LOAD ./Drivers/STM32F4xx_HAL_Driver/Src/stm32f4xx_hal_flash_ramfunc.o
LOAD ./Drivers/STM32F4xx_HAL_Driver/Src/stm32f4xx_hal_gpio.o
LOAD ./Drivers/STM32F4xx_HAL_Driver/Src/stm32f4xx_hal_i2c.o
LOAD ./Drivers/STM32F4xx_HAL_Driver/Src/stm32f4xx_hal_i2c_ex.o
LOAD ./Drivers/STM32F4xx_HAL_Driver/Src/stm32f4xx_hal_pwr.o
LOAD ./Drivers/STM32F4xx_HAL_Driver/Src/stm32f4xx_hal_pwr_ex.o
LOAD ./Drivers/STM32F4xx_HAL_Driver/Src/stm32f4xx_hal_rcc.o
LOAD ./Drivers/STM32F4xx_HAL_Driver/Src/stm32f4xx_hal_rcc_ex.o
START GROUP
LOAD C:/Users/mulla/STM32CubeIDE_1.19.0/STM32CubeIDE/plugins/com.st.stm32cube.ide.mcu.externaltools.gnu-tools-for-stm32.13.3.rel1.win32_1.0.0.202411081344/tools/bin/../lib/gcc/arm-none-eabi/13.3.1/../../../../arm-none-eabi/lib/thumb/v7e-m/nofp\libc_nano.a
LOAD C:/Users/mulla/STM32CubeIDE_1.19.0/STM32CubeIDE/plugins/com.st.stm32cube.ide.mcu.externaltools.gnu-tools-for-stm32.13.3.rel1.win32_1.0.0.202411081344/tools/bin/../lib/gcc/arm-none-eabi/13.3.1/../../../../arm-none-eabi/lib/thumb/v7e-m/nofp\libm.a
END GROUP
START GROUP
LOAD C:/Users/mulla/STM32CubeIDE_1.19.0/STM32CubeIDE/plugins/com.st.stm32cube.ide.mcu.externaltools.gnu-tools-for-stm32.13.3.rel1.win32_1.0.0.202411081344/tools/bin/../lib/gcc/arm-none-eabi/13.3.1/thumb/v7e-m/nofp\libgcc.a
LOAD C:/Users/mulla/STM32CubeIDE_1.19.0/STM32CubeIDE/plugins/com.st.stm32cube.ide.mcu.externaltools.gnu-tools-for-stm32.13.3.rel1.win32_1.0.0.202411081344/tools/bin/../lib/gcc/arm-none-eabi/13.3.1/../../../../arm-none-eabi/lib/thumb/v7e-m/nofp\libc_nano.a
END GROUP
START GROUP
LOAD C:/Users/mulla/STM32CubeIDE_1.19.0/STM32CubeIDE/plugins/com.st.stm32cube.ide.mcu.externaltools.gnu-tools-for-stm32.13.3.rel1.win32_1.0.0.202411081344/tools/bin/../lib/gcc/arm-none-eabi/13.3.1/thumb/v7e-m/nofp\libgcc.a
LOAD C:/Users/mulla/STM32CubeIDE_1.19.0/STM32CubeIDE/plugins/com.st.stm32cube.ide.mcu.externaltools.gnu-tools-for-stm32.13.3.rel1.win32_1.0.0.202411081344/tools/bin/../lib/gcc/arm-none-eabi/13.3.1/../../../../arm-none-eabi/lib/thumb/v7e-m/nofp\libc_nano.a
LOAD C:/Users/mulla/STM32CubeIDE_1.19.0/STM32CubeIDE/plugins/com.st.stm32cube.ide.mcu.externaltools.gnu-tools-for-stm32.13.3.rel1.win32_1.0.0.202411081344/tools/bin/../lib/gcc/arm-none-eabi/13.3.1/../../../../arm-none-eabi/lib/thumb/v7e-m/nofp\libnosys.a
END GROUP
START GROUP
LOAD C:/Users/mulla/STM32CubeIDE_1.19.0/STM32CubeIDE/plugins/com.st.stm32cube.ide.mcu.externaltools.gnu-tools-for-stm32.13.3.rel1.win32_1.0.0.202411081344/tools/bin/../lib/gcc/arm-none-eabi/13.3.1/thumb/v7e-m/nofp\libgcc.a
LOAD C:/Users/mulla/STM32CubeIDE_1.19.0/STM32CubeIDE/plugins/com.st.stm32cube.ide.mcu.externaltools.gnu-tools-for-stm32.13.3.rel1.win32_1.0.0.202411081344/tools/bin/../lib/gcc/arm-none-eabi/13.3.1/../../../../arm-none-eabi/lib/thumb/v7e-m/nofp\libc_nano.a
LOAD C:/Users/mulla/STM32CubeIDE_1.19.0/STM32CubeIDE/plugins/com.st.stm32cube.ide.mcu.externaltools.gnu-tools-for-stm32.13.3.rel1.win32_1.0.0.202411081344/tools/bin/../lib/gcc/arm-none-eabi/13.3.1/../../../../arm-none-eabi/lib/thumb/v7e-m/nofp\libnosys.a
END GROUP
LOAD C:/Users/mulla/STM32CubeIDE_1.19.0/STM32CubeIDE/plugins/com.st.stm32cube.ide.mcu.externaltools.gnu-tools-for-stm32.13.3.rel1.win32_1.0.0.202411081344/tools/bin/../lib/gcc/arm-none-eabi/13.3.1/thumb/v7e-m/nofp/crtend.o
LOAD C:/Users/mulla/STM32CubeIDE_1.19.0/STM32CubeIDE/plugins/com.st.stm32cube.ide.mcu.externaltools.gnu-tools-for-stm32.13.3.rel1.win32_1.0.0.202411081344/tools/bin/../lib/gcc/arm-none-eabi/13.3.1/thumb/v7e-m/nofp/crtn.o
                0x20020000                        _estack = (ORIGIN (RAM) + LENGTH (RAM))
                0x00000200                        _Min_Heap_Size = 0x200
                0x00000400                        _Min_Stack_Size = 0x400

.isr_vector     0x08000000      0x188
                0x08000000                        . = ALIGN (0x4)
 *(.isr_vector)
 .isr_vector    0x08000000      0x188 ./Core/Startup/startup_stm32f407vgtx.o
                0x08000000                g_pfnVectors
                0x08000188                        . = ALIGN (0x4)

.text           0x08000188     0x2480
                0x08000188                        . = ALIGN (0x4)
 *(.text)
 .text          0x08000188       0x40 C:/Users/mulla/STM32CubeIDE_1.19.0/STM32CubeIDE/plugins/com.st.stm32cube.ide.mcu.externaltools.gnu-tools-for-stm32.13.3.rel1.win32_1.0.0.202411081344/tools/bin/../lib/gcc/arm-none-eabi/13.3.1/thumb/v7e-m/nofp/crtbegin.o
 .text          0x080001c8       0x30 C:/Users/mulla/STM32CubeIDE_1.19.0/STM32CubeIDE/plugins/com.st.stm32cube.ide.mcu.externaltools.gnu-tools-for-stm32.13.3.rel1.win32_1.0.0.202411081344/tools/bin/../lib/gcc/arm-none-eabi/13.3.1/thumb/v7e-m/nofp\libgcc.a(_aeabi_uldivmod.o)
                0x080001c8                __aeabi_uldivmod
 .text          0x080001f8      0x2f8 C:/Users/mulla/STM32CubeIDE_1.19.0/STM32CubeIDE/plugins/com.st.stm32cube.ide.mcu.externaltools.gnu-tools-for-stm32.13.3.rel1.win32_1.0.0.202411081344/tools/bin/../lib/gcc/arm-none-eabi/13.3.1/thumb/v7e-m/nofp\libgcc.a(_udivmoddi4.o)
                0x080001f8                __udivmoddi4
 .text          0x080004f0        0x4 C:/Users/mulla/STM32CubeIDE_1.19.0/STM32CubeIDE/plugins/com.st.stm32cube.ide.mcu.externaltools.gnu-tools-for-stm32.13.3.rel1.win32_1.0.0.202411081344/tools/bin/../lib/gcc/arm-none-eabi/13.3.1/thumb/v7e-m/nofp\libgcc.a(_dvmd_tls.o)
                0x080004f0                __aeabi_idiv0
                0x080004f0                __aeabi_ldiv0
 *(.text*)
 .text.main     0x080004f4       0x70 ./Core/Src/main.o
                0x080004f4                main
 .text.SystemClock_Config
                0x08000564       0xd4 ./Core/Src/main.o
                0x08000564                SystemClock_Config
 .text.MX_I2C1_Init
                0x08000638       0x5c ./Core/Src/main.o
 .text.MX_GPIO_Init
                0x08000694       0x30 ./Core/Src/main.o
 .text.Error_Handler
                0x080006c4        0xc ./Core/Src/main.o
                0x080006c4                Error_Handler
 .text.lcd_i2c_send_nibble
                0x080006d0       0x40 ./Core/Src/my_lcd.o
                0x080006d0                lcd_i2c_send_nibble
 .text.lcd16x2_i2c_sendCommand
                0x08000710       0x40 ./Core/Src/my_lcd.o
                0x08000710                lcd16x2_i2c_sendCommand
 .text.lcd16x2_i2c_sendData
                0x08000750       0x40 ./Core/Src/my_lcd.o
                0x08000750                lcd16x2_i2c_sendData
 .text.lcd16x2_i2c_init
                0x08000790       0xbc ./Core/Src/my_lcd.o
                0x08000790                lcd16x2_i2c_init
 .text.lcd16x2_i2c_setCursor
                0x0800084c       0x3e ./Core/Src/my_lcd.o
                0x0800084c                lcd16x2_i2c_setCursor
 .text.lcd16x2_i2c_clear
                0x0800088a       0x14 ./Core/Src/my_lcd.o
                0x0800088a                lcd16x2_i2c_clear
 *fill*         0x0800089e        0x2 
 .text.lcd16x2_i2c_printfnum
                0x080008a0       0x68 ./Core/Src/my_lcd.o
                0x080008a0                lcd16x2_i2c_printfnum
 .text.HAL_MspInit
                0x08000908       0x50 ./Core/Src/stm32f4xx_hal_msp.o
                0x08000908                HAL_MspInit
 .text.HAL_I2C_MspInit
                0x08000958       0x90 ./Core/Src/stm32f4xx_hal_msp.o
                0x08000958                HAL_I2C_MspInit
 .text.NMI_Handler
                0x080009e8        0x8 ./Core/Src/stm32f4xx_it.o
                0x080009e8                NMI_Handler
 .text.HardFault_Handler
                0x080009f0        0x8 ./Core/Src/stm32f4xx_it.o
                0x080009f0                HardFault_Handler
 .text.MemManage_Handler
                0x080009f8        0x8 ./Core/Src/stm32f4xx_it.o
                0x080009f8                MemManage_Handler
 .text.BusFault_Handler
                0x08000a00        0x8 ./Core/Src/stm32f4xx_it.o
                0x08000a00                BusFault_Handler
 .text.UsageFault_Handler
                0x08000a08        0x8 ./Core/Src/stm32f4xx_it.o
                0x08000a08                UsageFault_Handler
 .text.SVC_Handler
                0x08000a10        0xc ./Core/Src/stm32f4xx_it.o
                0x08000a10                SVC_Handler
 .text.DebugMon_Handler
                0x08000a1c        0xc ./Core/Src/stm32f4xx_it.o
                0x08000a1c                DebugMon_Handler
 .text.PendSV_Handler
                0x08000a28        0xc ./Core/Src/stm32f4xx_it.o
                0x08000a28                PendSV_Handler
 .text.SysTick_Handler
                0x08000a34        0xc ./Core/Src/stm32f4xx_it.o
                0x08000a34                SysTick_Handler
 .text.SystemInit
                0x08000a40        0xc ./Core/Src/system_stm32f4xx.o
                0x08000a40                SystemInit
 .text.Reset_Handler
                0x08000a4c       0x50 ./Core/Startup/startup_stm32f407vgtx.o
                0x08000a4c                Reset_Handler
 .text.Default_Handler
                0x08000a9c        0x2 ./Core/Startup/startup_stm32f407vgtx.o
                0x08000a9c                RTC_Alarm_IRQHandler
                0x08000a9c                HASH_RNG_IRQHandler
                0x08000a9c                EXTI2_IRQHandler
                0x08000a9c                TIM8_CC_IRQHandler
                0x08000a9c                TIM1_CC_IRQHandler
                0x08000a9c                DMA2_Stream5_IRQHandler
                0x08000a9c                DMA1_Stream5_IRQHandler
                0x08000a9c                PVD_IRQHandler
                0x08000a9c                SDIO_IRQHandler
                0x08000a9c                TAMP_STAMP_IRQHandler
                0x08000a9c                CAN2_RX1_IRQHandler
                0x08000a9c                EXTI3_IRQHandler
                0x08000a9c                TIM8_TRG_COM_TIM14_IRQHandler
                0x08000a9c                TIM1_UP_TIM10_IRQHandler
                0x08000a9c                TIM8_UP_TIM13_IRQHandler
                0x08000a9c                I2C3_ER_IRQHandler
                0x08000a9c                EXTI0_IRQHandler
                0x08000a9c                I2C2_EV_IRQHandler
                0x08000a9c                DMA1_Stream2_IRQHandler
                0x08000a9c                CAN1_RX0_IRQHandler
                0x08000a9c                FPU_IRQHandler
                0x08000a9c                OTG_HS_WKUP_IRQHandler
                0x08000a9c                CAN2_SCE_IRQHandler
                0x08000a9c                DMA2_Stream2_IRQHandler
                0x08000a9c                SPI1_IRQHandler
                0x08000a9c                TIM6_DAC_IRQHandler
                0x08000a9c                TIM1_BRK_TIM9_IRQHandler
                0x08000a9c                DCMI_IRQHandler
                0x08000a9c                CAN2_RX0_IRQHandler
                0x08000a9c                DMA2_Stream3_IRQHandler
                0x08000a9c                USART6_IRQHandler
                0x08000a9c                USART3_IRQHandler
                0x08000a9c                CAN1_RX1_IRQHandler
                0x08000a9c                UART5_IRQHandler
                0x08000a9c                DMA2_Stream0_IRQHandler
                0x08000a9c                TIM4_IRQHandler
                0x08000a9c                I2C1_EV_IRQHandler
                0x08000a9c                DMA1_Stream6_IRQHandler
                0x08000a9c                DMA1_Stream1_IRQHandler
                0x08000a9c                UART4_IRQHandler
                0x08000a9c                TIM3_IRQHandler
                0x08000a9c                RCC_IRQHandler
                0x08000a9c                TIM8_BRK_TIM12_IRQHandler
                0x08000a9c                Default_Handler
                0x08000a9c                EXTI15_10_IRQHandler
                0x08000a9c                ADC_IRQHandler
                0x08000a9c                DMA1_Stream7_IRQHandler
                0x08000a9c                TIM7_IRQHandler
                0x08000a9c                CAN2_TX_IRQHandler
                0x08000a9c                TIM5_IRQHandler
                0x08000a9c                DMA2_Stream7_IRQHandler
                0x08000a9c                I2C3_EV_IRQHandler
                0x08000a9c                EXTI9_5_IRQHandler
                0x08000a9c                RTC_WKUP_IRQHandler
                0x08000a9c                ETH_WKUP_IRQHandler
                0x08000a9c                SPI2_IRQHandler
                0x08000a9c                OTG_HS_EP1_IN_IRQHandler
                0x08000a9c                DMA1_Stream0_IRQHandler
                0x08000a9c                CAN1_TX_IRQHandler
                0x08000a9c                EXTI4_IRQHandler
                0x08000a9c                FSMC_IRQHandler
                0x08000a9c                ETH_IRQHandler
                0x08000a9c                OTG_HS_EP1_OUT_IRQHandler
                0x08000a9c                WWDG_IRQHandler
                0x08000a9c                TIM2_IRQHandler
                0x08000a9c                OTG_FS_WKUP_IRQHandler
                0x08000a9c                TIM1_TRG_COM_TIM11_IRQHandler
                0x08000a9c                OTG_HS_IRQHandler
                0x08000a9c                EXTI1_IRQHandler
                0x08000a9c                USART2_IRQHandler
                0x08000a9c                I2C2_ER_IRQHandler
                0x08000a9c                DMA2_Stream1_IRQHandler
                0x08000a9c                CAN1_SCE_IRQHandler
                0x08000a9c                FLASH_IRQHandler
                0x08000a9c                DMA2_Stream4_IRQHandler
                0x08000a9c                USART1_IRQHandler
                0x08000a9c                OTG_FS_IRQHandler
                0x08000a9c                SPI3_IRQHandler
                0x08000a9c                DMA1_Stream4_IRQHandler
                0x08000a9c                I2C1_ER_IRQHandler
                0x08000a9c                DMA2_Stream6_IRQHandler
                0x08000a9c                DMA1_Stream3_IRQHandler
 *fill*         0x08000a9e        0x2 
 .text.HAL_Init
                0x08000aa0       0x44 ./Drivers/STM32F4xx_HAL_Driver/Src/stm32f4xx_hal.o
                0x08000aa0                HAL_Init
 .text.HAL_InitTick
                0x08000ae4       0x60 ./Drivers/STM32F4xx_HAL_Driver/Src/stm32f4xx_hal.o
                0x08000ae4                HAL_InitTick
 .text.HAL_IncTick
                0x08000b44       0x24 ./Drivers/STM32F4xx_HAL_Driver/Src/stm32f4xx_hal.o
                0x08000b44                HAL_IncTick
 .text.HAL_GetTick
                0x08000b68       0x14 ./Drivers/STM32F4xx_HAL_Driver/Src/stm32f4xx_hal.o
                0x08000b68                HAL_GetTick
 .text.HAL_Delay
                0x08000b7c       0x48 ./Drivers/STM32F4xx_HAL_Driver/Src/stm32f4xx_hal.o
                0x08000b7c                HAL_Delay
 .text.__NVIC_SetPriorityGrouping
                0x08000bc4       0x48 ./Drivers/STM32F4xx_HAL_Driver/Src/stm32f4xx_hal_cortex.o
 .text.__NVIC_GetPriorityGrouping
                0x08000c0c       0x1c ./Drivers/STM32F4xx_HAL_Driver/Src/stm32f4xx_hal_cortex.o
 .text.__NVIC_SetPriority
                0x08000c28       0x54 ./Drivers/STM32F4xx_HAL_Driver/Src/stm32f4xx_hal_cortex.o
 .text.NVIC_EncodePriority
                0x08000c7c       0x64 ./Drivers/STM32F4xx_HAL_Driver/Src/stm32f4xx_hal_cortex.o
 .text.SysTick_Config
                0x08000ce0       0x44 ./Drivers/STM32F4xx_HAL_Driver/Src/stm32f4xx_hal_cortex.o
 .text.HAL_NVIC_SetPriorityGrouping
                0x08000d24       0x16 ./Drivers/STM32F4xx_HAL_Driver/Src/stm32f4xx_hal_cortex.o
                0x08000d24                HAL_NVIC_SetPriorityGrouping
 .text.HAL_NVIC_SetPriority
                0x08000d3a       0x38 ./Drivers/STM32F4xx_HAL_Driver/Src/stm32f4xx_hal_cortex.o
                0x08000d3a                HAL_NVIC_SetPriority
 .text.HAL_SYSTICK_Config
                0x08000d72       0x18 ./Drivers/STM32F4xx_HAL_Driver/Src/stm32f4xx_hal_cortex.o
                0x08000d72                HAL_SYSTICK_Config
 *fill*         0x08000d8a        0x2 
 .text.HAL_GPIO_Init
                0x08000d8c      0x334 ./Drivers/STM32F4xx_HAL_Driver/Src/stm32f4xx_hal_gpio.o
                0x08000d8c                HAL_GPIO_Init
 .text.HAL_GPIO_TogglePin
                0x080010c0       0x32 ./Drivers/STM32F4xx_HAL_Driver/Src/stm32f4xx_hal_gpio.o
                0x080010c0                HAL_GPIO_TogglePin
 *fill*         0x080010f2        0x2 
 .text.HAL_I2C_Init
                0x080010f4      0x288 ./Drivers/STM32F4xx_HAL_Driver/Src/stm32f4xx_hal_i2c.o
                0x080010f4                HAL_I2C_Init
 .text.HAL_I2C_Master_Transmit
                0x0800137c      0x1fc ./Drivers/STM32F4xx_HAL_Driver/Src/stm32f4xx_hal_i2c.o
                0x0800137c                HAL_I2C_Master_Transmit
 .text.HAL_I2C_IsDeviceReady
                0x08001578      0x25c ./Drivers/STM32F4xx_HAL_Driver/Src/stm32f4xx_hal_i2c.o
                0x08001578                HAL_I2C_IsDeviceReady
 .text.I2C_MasterRequestWrite
                0x080017d4      0x104 ./Drivers/STM32F4xx_HAL_Driver/Src/stm32f4xx_hal_i2c.o
 .text.I2C_WaitOnFlagUntilTimeout
                0x080018d8       0xf4 ./Drivers/STM32F4xx_HAL_Driver/Src/stm32f4xx_hal_i2c.o
 .text.I2C_WaitOnMasterAddressFlagUntilTimeout
                0x080019cc      0x140 ./Drivers/STM32F4xx_HAL_Driver/Src/stm32f4xx_hal_i2c.o
 .text.I2C_WaitOnTXEFlagUntilTimeout
                0x08001b0c       0x90 ./Drivers/STM32F4xx_HAL_Driver/Src/stm32f4xx_hal_i2c.o
 .text.I2C_WaitOnBTFFlagUntilTimeout
                0x08001b9c       0x90 ./Drivers/STM32F4xx_HAL_Driver/Src/stm32f4xx_hal_i2c.o
 .text.I2C_IsAcknowledgeFailed
                0x08001c2c       0x5c ./Drivers/STM32F4xx_HAL_Driver/Src/stm32f4xx_hal_i2c.o
 .text.HAL_RCC_OscConfig
                0x08001c88      0x4f0 ./Drivers/STM32F4xx_HAL_Driver/Src/stm32f4xx_hal_rcc.o
                0x08001c88                HAL_RCC_OscConfig
 .text.HAL_RCC_ClockConfig
                0x08002178      0x1cc ./Drivers/STM32F4xx_HAL_Driver/Src/stm32f4xx_hal_rcc.o
                0x08002178                HAL_RCC_ClockConfig
 .text.HAL_RCC_GetSysClockFreq
                0x08002344      0x218 ./Drivers/STM32F4xx_HAL_Driver/Src/stm32f4xx_hal_rcc.o
                0x08002344                HAL_RCC_GetSysClockFreq
 .text.HAL_RCC_GetHCLKFreq
                0x0800255c       0x14 ./Drivers/STM32F4xx_HAL_Driver/Src/stm32f4xx_hal_rcc.o
                0x0800255c                HAL_RCC_GetHCLKFreq
 .text.HAL_RCC_GetPCLK1Freq
                0x08002570       0x28 ./Drivers/STM32F4xx_HAL_Driver/Src/stm32f4xx_hal_rcc.o
                0x08002570                HAL_RCC_GetPCLK1Freq
 .text.memset   0x08002598       0x10 C:/Users/mulla/STM32CubeIDE_1.19.0/STM32CubeIDE/plugins/com.st.stm32cube.ide.mcu.externaltools.gnu-tools-for-stm32.13.3.rel1.win32_1.0.0.202411081344/tools/bin/../lib/gcc/arm-none-eabi/13.3.1/../../../../arm-none-eabi/lib/thumb/v7e-m/nofp\libc_nano.a(libc_a-memset.o)
                0x08002598                memset
 .text.__libc_init_array
                0x080025a8       0x48 C:/Users/mulla/STM32CubeIDE_1.19.0/STM32CubeIDE/plugins/com.st.stm32cube.ide.mcu.externaltools.gnu-tools-for-stm32.13.3.rel1.win32_1.0.0.202411081344/tools/bin/../lib/gcc/arm-none-eabi/13.3.1/../../../../arm-none-eabi/lib/thumb/v7e-m/nofp\libc_nano.a(libc_a-init.o)
                0x080025a8                __libc_init_array
 *(.glue_7)
 .glue_7        0x080025f0        0x0 linker stubs
 *(.glue_7t)
 .glue_7t       0x080025f0        0x0 linker stubs
 *(.eh_frame)
 .eh_frame      0x080025f0        0x0 C:/Users/mulla/STM32CubeIDE_1.19.0/STM32CubeIDE/plugins/com.st.stm32cube.ide.mcu.externaltools.gnu-tools-for-stm32.13.3.rel1.win32_1.0.0.202411081344/tools/bin/../lib/gcc/arm-none-eabi/13.3.1/thumb/v7e-m/nofp/crtbegin.o
 *(.init)
 .init          0x080025f0        0x4 C:/Users/mulla/STM32CubeIDE_1.19.0/STM32CubeIDE/plugins/com.st.stm32cube.ide.mcu.externaltools.gnu-tools-for-stm32.13.3.rel1.win32_1.0.0.202411081344/tools/bin/../lib/gcc/arm-none-eabi/13.3.1/thumb/v7e-m/nofp/crti.o
                0x080025f0                _init
 .init          0x080025f4        0x8 C:/Users/mulla/STM32CubeIDE_1.19.0/STM32CubeIDE/plugins/com.st.stm32cube.ide.mcu.externaltools.gnu-tools-for-stm32.13.3.rel1.win32_1.0.0.202411081344/tools/bin/../lib/gcc/arm-none-eabi/13.3.1/thumb/v7e-m/nofp/crtn.o
 *(.fini)
 .fini          0x080025fc        0x4 C:/Users/mulla/STM32CubeIDE_1.19.0/STM32CubeIDE/plugins/com.st.stm32cube.ide.mcu.externaltools.gnu-tools-for-stm32.13.3.rel1.win32_1.0.0.202411081344/tools/bin/../lib/gcc/arm-none-eabi/13.3.1/thumb/v7e-m/nofp/crti.o
                0x080025fc                _fini
 .fini          0x08002600        0x8 C:/Users/mulla/STM32CubeIDE_1.19.0/STM32CubeIDE/plugins/com.st.stm32cube.ide.mcu.externaltools.gnu-tools-for-stm32.13.3.rel1.win32_1.0.0.202411081344/tools/bin/../lib/gcc/arm-none-eabi/13.3.1/thumb/v7e-m/nofp/crtn.o
                0x08002608                        . = ALIGN (0x4)
                0x08002608                        _etext = .

.vfp11_veneer   0x08002608        0x0
 .vfp11_veneer  0x08002608        0x0 linker stubs

.v4_bx          0x08002608        0x0
 .v4_bx         0x08002608        0x0 linker stubs

.iplt           0x08002608        0x0
 .iplt          0x08002608        0x0 C:/Users/mulla/STM32CubeIDE_1.19.0/STM32CubeIDE/plugins/com.st.stm32cube.ide.mcu.externaltools.gnu-tools-for-stm32.13.3.rel1.win32_1.0.0.202411081344/tools/bin/../lib/gcc/arm-none-eabi/13.3.1/thumb/v7e-m/nofp/crtbegin.o

.rodata         0x08002608       0x18
                0x08002608                        . = ALIGN (0x4)
 *(.rodata)
 *(.rodata*)
 .rodata.AHBPrescTable
                0x08002608       0x10 ./Core/Src/system_stm32f4xx.o
                0x08002608                AHBPrescTable
 .rodata.APBPrescTable
                0x08002618        0x8 ./Core/Src/system_stm32f4xx.o
                0x08002618                APBPrescTable
                0x08002620                        . = ALIGN (0x4)

.ARM.extab      0x08002620        0x0
                0x08002620                        . = ALIGN (0x4)
 *(.ARM.extab* .gnu.linkonce.armextab.*)
                0x08002620                        . = ALIGN (0x4)

.ARM            0x08002620        0x8
                0x08002620                        . = ALIGN (0x4)
                0x08002620                        __exidx_start = .
 *(.ARM.exidx*)
 .ARM.exidx     0x08002620        0x8 C:/Users/mulla/STM32CubeIDE_1.19.0/STM32CubeIDE/plugins/com.st.stm32cube.ide.mcu.externaltools.gnu-tools-for-stm32.13.3.rel1.win32_1.0.0.202411081344/tools/bin/../lib/gcc/arm-none-eabi/13.3.1/thumb/v7e-m/nofp\libgcc.a(_udivmoddi4.o)
                0x08002628                        __exidx_end = .
                0x08002628                        . = ALIGN (0x4)

.preinit_array  0x08002628        0x0
                0x08002628                        . = ALIGN (0x4)
                0x08002628                        PROVIDE (__preinit_array_start = .)
 *(.preinit_array*)
                0x08002628                        PROVIDE (__preinit_array_end = .)
                0x08002628                        . = ALIGN (0x4)

.init_array     0x08002628        0x4
                0x08002628                        . = ALIGN (0x4)
                0x08002628                        PROVIDE (__init_array_start = .)
 *(SORT_BY_NAME(.init_array.*))
 *(.init_array*)
 .init_array    0x08002628        0x4 C:/Users/mulla/STM32CubeIDE_1.19.0/STM32CubeIDE/plugins/com.st.stm32cube.ide.mcu.externaltools.gnu-tools-for-stm32.13.3.rel1.win32_1.0.0.202411081344/tools/bin/../lib/gcc/arm-none-eabi/13.3.1/thumb/v7e-m/nofp/crtbegin.o
                0x0800262c                        PROVIDE (__init_array_end = .)
                0x0800262c                        . = ALIGN (0x4)

.fini_array     0x0800262c        0x4
                0x0800262c                        . = ALIGN (0x4)
                [!provide]                        PROVIDE (__fini_array_start = .)
 *(SORT_BY_NAME(.fini_array.*))
 *(.fini_array*)
 .fini_array    0x0800262c        0x4 C:/Users/mulla/STM32CubeIDE_1.19.0/STM32CubeIDE/plugins/com.st.stm32cube.ide.mcu.externaltools.gnu-tools-for-stm32.13.3.rel1.win32_1.0.0.202411081344/tools/bin/../lib/gcc/arm-none-eabi/13.3.1/thumb/v7e-m/nofp/crtbegin.o
                [!provide]                        PROVIDE (__fini_array_end = .)
                0x08002630                        . = ALIGN (0x4)
                0x08002630                        _sidata = LOADADDR (.data)

.rel.dyn        0x08002630        0x0
 .rel.iplt      0x08002630        0x0 C:/Users/mulla/STM32CubeIDE_1.19.0/STM32CubeIDE/plugins/com.st.stm32cube.ide.mcu.externaltools.gnu-tools-for-stm32.13.3.rel1.win32_1.0.0.202411081344/tools/bin/../lib/gcc/arm-none-eabi/13.3.1/thumb/v7e-m/nofp/crtbegin.o

.data           0x20000000        0xc load address 0x08002630
                0x20000000                        . = ALIGN (0x4)
                0x20000000                        _sdata = .
 *(.data)
 *(.data*)
 .data.SystemCoreClock
                0x20000000        0x4 ./Core/Src/system_stm32f4xx.o
                0x20000000                SystemCoreClock
 .data.uwTickPrio
                0x20000004        0x4 ./Drivers/STM32F4xx_HAL_Driver/Src/stm32f4xx_hal.o
                0x20000004                uwTickPrio
 .data.uwTickFreq
                0x20000008        0x1 ./Drivers/STM32F4xx_HAL_Driver/Src/stm32f4xx_hal.o
                0x20000008                uwTickFreq
 *(.RamFunc)
 *(.RamFunc*)
                0x2000000c                        . = ALIGN (0x4)
 *fill*         0x20000009        0x3 
                0x2000000c                        _edata = .
                0x0800263c                        _siccmram = LOADADDR (.ccmram)

.igot.plt       0x2000000c        0x0 load address 0x0800263c
 .igot.plt      0x2000000c        0x0 C:/Users/mulla/STM32CubeIDE_1.19.0/STM32CubeIDE/plugins/com.st.stm32cube.ide.mcu.externaltools.gnu-tools-for-stm32.13.3.rel1.win32_1.0.0.202411081344/tools/bin/../lib/gcc/arm-none-eabi/13.3.1/thumb/v7e-m/nofp/crtbegin.o

.ccmram         0x10000000        0x0 load address 0x0800263c
                0x10000000                        . = ALIGN (0x4)
                0x10000000                        _sccmram = .
 *(.ccmram)
 *(.ccmram*)
                0x10000000                        . = ALIGN (0x4)
                0x10000000                        _eccmram = .
                0x10000000                        . = ALIGN (0x4)

.bss            0x2000000c       0x7c
                0x2000000c                        _sbss = .
                0x2000000c                        __bss_start__ = _sbss
 *(.bss)
 .bss           0x2000000c       0x1c C:/Users/mulla/STM32CubeIDE_1.19.0/STM32CubeIDE/plugins/com.st.stm32cube.ide.mcu.externaltools.gnu-tools-for-stm32.13.3.rel1.win32_1.0.0.202411081344/tools/bin/../lib/gcc/arm-none-eabi/13.3.1/thumb/v7e-m/nofp/crtbegin.o
 *(.bss*)
 .bss.hi2c1     0x20000028       0x54 ./Core/Src/main.o
                0x20000028                hi2c1
 .bss.lcd16x2_i2cHandle
                0x2000007c        0x4 ./Core/Src/my_lcd.o
                0x2000007c                lcd16x2_i2cHandle
 .bss.LCD_I2C_SLAVE_ADDRESS
                0x20000080        0x1 ./Core/Src/my_lcd.o
                0x20000080                LCD_I2C_SLAVE_ADDRESS
 *fill*         0x20000081        0x3 
 .bss.uwTick    0x20000084        0x4 ./Drivers/STM32F4xx_HAL_Driver/Src/stm32f4xx_hal.o
                0x20000084                uwTick
 *(COMMON)
                0x20000088                        . = ALIGN (0x4)
                0x20000088                        _ebss = .
                0x20000088                        __bss_end__ = _ebss

._user_heap_stack
                0x20000088      0x600
                0x20000088                        . = ALIGN (0x8)
                [!provide]                        PROVIDE (end = .)
                0x20000088                        PROVIDE (_end = .)
                0x20000288                        . = (. + _Min_Heap_Size)
 *fill*         0x20000088      0x200 
                0x20000688                        . = (. + _Min_Stack_Size)
 *fill*         0x20000288      0x400 
                0x20000688                        . = ALIGN (0x8)

/DISCARD/
 libc.a(*)
 libm.a(*)
 libgcc.a(*)

.ARM.attributes
                0x00000000       0x2a
 *(.ARM.attributes)
 .ARM.attributes
                0x00000000       0x1e C:/Users/mulla/STM32CubeIDE_1.19.0/STM32CubeIDE/plugins/com.st.stm32cube.ide.mcu.externaltools.gnu-tools-for-stm32.13.3.rel1.win32_1.0.0.202411081344/tools/bin/../lib/gcc/arm-none-eabi/13.3.1/thumb/v7e-m/nofp/crti.o
 .ARM.attributes
                0x0000001e       0x2e C:/Users/mulla/STM32CubeIDE_1.19.0/STM32CubeIDE/plugins/com.st.stm32cube.ide.mcu.externaltools.gnu-tools-for-stm32.13.3.rel1.win32_1.0.0.202411081344/tools/bin/../lib/gcc/arm-none-eabi/13.3.1/thumb/v7e-m/nofp/crtbegin.o
 .ARM.attributes
                0x0000004c       0x2e ./Core/Src/main.o
 .ARM.attributes
                0x0000007a       0x2e ./Core/Src/my_lcd.o
 .ARM.attributes
                0x000000a8       0x2e ./Core/Src/stm32f4xx_hal_msp.o
 .ARM.attributes
                0x000000d6       0x2e ./Core/Src/stm32f4xx_it.o
 .ARM.attributes
                0x00000104       0x2e ./Core/Src/system_stm32f4xx.o
 .ARM.attributes
                0x00000132       0x21 ./Core/Startup/startup_stm32f407vgtx.o
 .ARM.attributes
                0x00000153       0x2e ./Drivers/STM32F4xx_HAL_Driver/Src/stm32f4xx_hal.o
 .ARM.attributes
                0x00000181       0x2e ./Drivers/STM32F4xx_HAL_Driver/Src/stm32f4xx_hal_cortex.o
 .ARM.attributes
                0x000001af       0x2e ./Drivers/STM32F4xx_HAL_Driver/Src/stm32f4xx_hal_gpio.o
 .ARM.attributes
                0x000001dd       0x2e ./Drivers/STM32F4xx_HAL_Driver/Src/stm32f4xx_hal_i2c.o
 .ARM.attributes
                0x0000020b       0x2e ./Drivers/STM32F4xx_HAL_Driver/Src/stm32f4xx_hal_rcc.o
 .ARM.attributes
                0x00000239       0x2e C:/Users/mulla/STM32CubeIDE_1.19.0/STM32CubeIDE/plugins/com.st.stm32cube.ide.mcu.externaltools.gnu-tools-for-stm32.13.3.rel1.win32_1.0.0.202411081344/tools/bin/../lib/gcc/arm-none-eabi/13.3.1/../../../../arm-none-eabi/lib/thumb/v7e-m/nofp\libc_nano.a(libc_a-memset.o)
 .ARM.attributes
                0x00000267       0x2e C:/Users/mulla/STM32CubeIDE_1.19.0/STM32CubeIDE/plugins/com.st.stm32cube.ide.mcu.externaltools.gnu-tools-for-stm32.13.3.rel1.win32_1.0.0.202411081344/tools/bin/../lib/gcc/arm-none-eabi/13.3.1/../../../../arm-none-eabi/lib/thumb/v7e-m/nofp\libc_nano.a(libc_a-init.o)
 .ARM.attributes
                0x00000295       0x1e C:/Users/mulla/STM32CubeIDE_1.19.0/STM32CubeIDE/plugins/com.st.stm32cube.ide.mcu.externaltools.gnu-tools-for-stm32.13.3.rel1.win32_1.0.0.202411081344/tools/bin/../lib/gcc/arm-none-eabi/13.3.1/thumb/v7e-m/nofp\libgcc.a(_aeabi_uldivmod.o)
 .ARM.attributes
                0x000002b3       0x2e C:/Users/mulla/STM32CubeIDE_1.19.0/STM32CubeIDE/plugins/com.st.stm32cube.ide.mcu.externaltools.gnu-tools-for-stm32.13.3.rel1.win32_1.0.0.202411081344/tools/bin/../lib/gcc/arm-none-eabi/13.3.1/thumb/v7e-m/nofp\libgcc.a(_udivmoddi4.o)
 .ARM.attributes
                0x000002e1       0x1e C:/Users/mulla/STM32CubeIDE_1.19.0/STM32CubeIDE/plugins/com.st.stm32cube.ide.mcu.externaltools.gnu-tools-for-stm32.13.3.rel1.win32_1.0.0.202411081344/tools/bin/../lib/gcc/arm-none-eabi/13.3.1/thumb/v7e-m/nofp\libgcc.a(_dvmd_tls.o)
 .ARM.attributes
                0x000002ff       0x1e C:/Users/mulla/STM32CubeIDE_1.19.0/STM32CubeIDE/plugins/com.st.stm32cube.ide.mcu.externaltools.gnu-tools-for-stm32.13.3.rel1.win32_1.0.0.202411081344/tools/bin/../lib/gcc/arm-none-eabi/13.3.1/thumb/v7e-m/nofp/crtn.o
OUTPUT(Numeric_Counter_Display.elf elf32-littlearm)
LOAD linker stubs
LOAD C:/Users/mulla/STM32CubeIDE_1.19.0/STM32CubeIDE/plugins/com.st.stm32cube.ide.mcu.externaltools.gnu-tools-for-stm32.13.3.rel1.win32_1.0.0.202411081344/tools/bin/../lib/gcc/arm-none-eabi/13.3.1/../../../../arm-none-eabi/lib/thumb/v7e-m/nofp\libc.a
LOAD C:/Users/mulla/STM32CubeIDE_1.19.0/STM32CubeIDE/plugins/com.st.stm32cube.ide.mcu.externaltools.gnu-tools-for-stm32.13.3.rel1.win32_1.0.0.202411081344/tools/bin/../lib/gcc/arm-none-eabi/13.3.1/../../../../arm-none-eabi/lib/thumb/v7e-m/nofp\libm.a
LOAD C:/Users/mulla/STM32CubeIDE_1.19.0/STM32CubeIDE/plugins/com.st.stm32cube.ide.mcu.externaltools.gnu-tools-for-stm32.13.3.rel1.win32_1.0.0.202411081344/tools/bin/../lib/gcc/arm-none-eabi/13.3.1/thumb/v7e-m/nofp\libgcc.a

.debug_info     0x00000000     0x6bcd
 .debug_info    0x00000000      0xba0 ./Core/Src/main.o
 .debug_info    0x00000ba0      0x81a ./Core/Src/my_lcd.o
 .debug_info    0x000013ba      0x947 ./Core/Src/stm32f4xx_hal_msp.o
 .debug_info    0x00001d01      0x112 ./Core/Src/stm32f4xx_it.o
 .debug_info    0x00001e13      0x31f ./Core/Src/system_stm32f4xx.o
 .debug_info    0x00002132       0x30 ./Core/Startup/startup_stm32f407vgtx.o
 .debug_info    0x00002162      0x944 ./Drivers/STM32F4xx_HAL_Driver/Src/stm32f4xx_hal.o
 .debug_info    0x00002aa6      0xd8c ./Drivers/STM32F4xx_HAL_Driver/Src/stm32f4xx_hal_cortex.o
 .debug_info    0x00003832      0x6c3 ./Drivers/STM32F4xx_HAL_Driver/Src/stm32f4xx_hal_gpio.o
 .debug_info    0x00003ef5     0x2415 ./Drivers/STM32F4xx_HAL_Driver/Src/stm32f4xx_hal_i2c.o
 .debug_info    0x0000630a      0x8c3 ./Drivers/STM32F4xx_HAL_Driver/Src/stm32f4xx_hal_rcc.o

.debug_abbrev   0x00000000     0x1451
 .debug_abbrev  0x00000000      0x288 ./Core/Src/main.o
 .debug_abbrev  0x00000288      0x1f3 ./Core/Src/my_lcd.o
 .debug_abbrev  0x0000047b      0x1ba ./Core/Src/stm32f4xx_hal_msp.o
 .debug_abbrev  0x00000635       0x73 ./Core/Src/stm32f4xx_it.o
 .debug_abbrev  0x000006a8      0x11c ./Core/Src/system_stm32f4xx.o
 .debug_abbrev  0x000007c4       0x24 ./Core/Startup/startup_stm32f407vgtx.o
 .debug_abbrev  0x000007e8      0x214 ./Drivers/STM32F4xx_HAL_Driver/Src/stm32f4xx_hal.o
 .debug_abbrev  0x000009fc      0x31d ./Drivers/STM32F4xx_HAL_Driver/Src/stm32f4xx_hal_cortex.o
 .debug_abbrev  0x00000d19      0x1d4 ./Drivers/STM32F4xx_HAL_Driver/Src/stm32f4xx_hal_gpio.o
 .debug_abbrev  0x00000eed      0x2ad ./Drivers/STM32F4xx_HAL_Driver/Src/stm32f4xx_hal_i2c.o
 .debug_abbrev  0x0000119a      0x2b7 ./Drivers/STM32F4xx_HAL_Driver/Src/stm32f4xx_hal_rcc.o

.debug_aranges  0x00000000      0x728
 .debug_aranges
                0x00000000       0x40 ./Core/Src/main.o
 .debug_aranges
                0x00000040       0x60 ./Core/Src/my_lcd.o
 .debug_aranges
                0x000000a0       0x30 ./Core/Src/stm32f4xx_hal_msp.o
 .debug_aranges
                0x000000d0       0x60 ./Core/Src/stm32f4xx_it.o
 .debug_aranges
                0x00000130       0x28 ./Core/Src/system_stm32f4xx.o
 .debug_aranges
                0x00000158       0x28 ./Core/Startup/startup_stm32f407vgtx.o
 .debug_aranges
                0x00000180       0xf0 ./Drivers/STM32F4xx_HAL_Driver/Src/stm32f4xx_hal.o
 .debug_aranges
                0x00000270      0x130 ./Drivers/STM32F4xx_HAL_Driver/Src/stm32f4xx_hal_cortex.o
 .debug_aranges
                0x000003a0       0x58 ./Drivers/STM32F4xx_HAL_Driver/Src/stm32f4xx_hal_gpio.o
 .debug_aranges
                0x000003f8      0x2a8 ./Drivers/STM32F4xx_HAL_Driver/Src/stm32f4xx_hal_i2c.o
 .debug_aranges
                0x000006a0       0x88 ./Drivers/STM32F4xx_HAL_Driver/Src/stm32f4xx_hal_rcc.o

.debug_rnglists
                0x00000000      0x575
 .debug_rnglists
                0x00000000       0x2c ./Core/Src/main.o
 .debug_rnglists
                0x0000002c       0x44 ./Core/Src/my_lcd.o
 .debug_rnglists
                0x00000070       0x20 ./Core/Src/stm32f4xx_hal_msp.o
 .debug_rnglists
                0x00000090       0x43 ./Core/Src/stm32f4xx_it.o
 .debug_rnglists
                0x000000d3       0x1a ./Core/Src/system_stm32f4xx.o
 .debug_rnglists
                0x000000ed       0x19 ./Core/Startup/startup_stm32f407vgtx.o
 .debug_rnglists
                0x00000106       0xaf ./Drivers/STM32F4xx_HAL_Driver/Src/stm32f4xx_hal.o
 .debug_rnglists
                0x000001b5       0xdf ./Drivers/STM32F4xx_HAL_Driver/Src/stm32f4xx_hal_cortex.o
 .debug_rnglists
                0x00000294       0x3f ./Drivers/STM32F4xx_HAL_Driver/Src/stm32f4xx_hal_gpio.o
 .debug_rnglists
                0x000002d3      0x23c ./Drivers/STM32F4xx_HAL_Driver/Src/stm32f4xx_hal_i2c.o
 .debug_rnglists
                0x0000050f       0x66 ./Drivers/STM32F4xx_HAL_Driver/Src/stm32f4xx_hal_rcc.o

.debug_macro    0x00000000    0x200cc
 .debug_macro   0x00000000      0x1d4 ./Core/Src/main.o
 .debug_macro   0x000001d4      0xacc ./Core/Src/main.o
 .debug_macro   0x00000ca0      0x295 ./Core/Src/main.o
 .debug_macro   0x00000f35       0x2e ./Core/Src/main.o
 .debug_macro   0x00000f63       0x2f ./Core/Src/main.o
 .debug_macro   0x00000f92       0x22 ./Core/Src/main.o
 .debug_macro   0x00000fb4       0x8e ./Core/Src/main.o
 .debug_macro   0x00001042       0x51 ./Core/Src/main.o
 .debug_macro   0x00001093      0x103 ./Core/Src/main.o
 .debug_macro   0x00001196       0x6a ./Core/Src/main.o
 .debug_macro   0x00001200      0x1df ./Core/Src/main.o
 .debug_macro   0x000013df       0x1c ./Core/Src/main.o
 .debug_macro   0x000013fb       0x22 ./Core/Src/main.o
 .debug_macro   0x0000141d       0xfb ./Core/Src/main.o
 .debug_macro   0x00001518     0x1011 ./Core/Src/main.o
 .debug_macro   0x00002529      0x11f ./Core/Src/main.o
 .debug_macro   0x00002648    0x15ea5 ./Core/Src/main.o
 .debug_macro   0x000184ed       0x6d ./Core/Src/main.o
 .debug_macro   0x0001855a     0x3693 ./Core/Src/main.o
 .debug_macro   0x0001bbed      0x190 ./Core/Src/main.o
 .debug_macro   0x0001bd7d       0x5c ./Core/Src/main.o
 .debug_macro   0x0001bdd9      0x980 ./Core/Src/main.o
 .debug_macro   0x0001c759      0x9e9 ./Core/Src/main.o
 .debug_macro   0x0001d142      0x115 ./Core/Src/main.o
 .debug_macro   0x0001d257      0x13e ./Core/Src/main.o
 .debug_macro   0x0001d395       0xa5 ./Core/Src/main.o
 .debug_macro   0x0001d43a      0x174 ./Core/Src/main.o
 .debug_macro   0x0001d5ae      0x287 ./Core/Src/main.o
 .debug_macro   0x0001d835       0x5f ./Core/Src/main.o
 .debug_macro   0x0001d894      0x236 ./Core/Src/main.o
 .debug_macro   0x0001daca      0x12c ./Core/Src/main.o
 .debug_macro   0x0001dbf6      0x21e ./Core/Src/main.o
 .debug_macro   0x0001de14       0x2e ./Core/Src/main.o
 .debug_macro   0x0001de42      0x1b5 ./Core/Src/main.o
 .debug_macro   0x0001dff7       0xd6 ./Core/Src/main.o
 .debug_macro   0x0001e0cd      0x127 ./Core/Src/main.o
 .debug_macro   0x0001e1f4       0x7e ./Core/Src/main.o
 .debug_macro   0x0001e272       0x89 ./Core/Src/main.o
 .debug_macro   0x0001e2fb      0x12d ./Core/Src/main.o
 .debug_macro   0x0001e428      0x2fd ./Core/Src/my_lcd.o
 .debug_macro   0x0001e725       0x22 ./Core/Src/my_lcd.o
 .debug_macro   0x0001e747       0x52 ./Core/Src/my_lcd.o
 .debug_macro   0x0001e799       0x61 ./Core/Src/my_lcd.o
 .debug_macro   0x0001e7fa       0x24 ./Core/Src/my_lcd.o
 .debug_macro   0x0001e81e       0x43 ./Core/Src/my_lcd.o
 .debug_macro   0x0001e861       0x34 ./Core/Src/my_lcd.o
 .debug_macro   0x0001e895       0x16 ./Core/Src/my_lcd.o
 .debug_macro   0x0001e8ab       0x3c ./Core/Src/my_lcd.o
 .debug_macro   0x0001e8e7      0x370 ./Core/Src/my_lcd.o
 .debug_macro   0x0001ec57       0x10 ./Core/Src/my_lcd.o
 .debug_macro   0x0001ec67       0x16 ./Core/Src/my_lcd.o
 .debug_macro   0x0001ec7d       0x4a ./Core/Src/my_lcd.o
 .debug_macro   0x0001ecc7       0x34 ./Core/Src/my_lcd.o
 .debug_macro   0x0001ecfb       0x10 ./Core/Src/my_lcd.o
 .debug_macro   0x0001ed0b       0x58 ./Core/Src/my_lcd.o
 .debug_macro   0x0001ed63       0x8e ./Core/Src/my_lcd.o
 .debug_macro   0x0001edf1       0x1c ./Core/Src/my_lcd.o
 .debug_macro   0x0001ee0d      0x185 ./Core/Src/my_lcd.o
 .debug_macro   0x0001ef92       0x16 ./Core/Src/my_lcd.o
 .debug_macro   0x0001efa8       0x16 ./Core/Src/my_lcd.o
 .debug_macro   0x0001efbe      0x146 ./Core/Src/my_lcd.o
 .debug_macro   0x0001f104       0x16 ./Core/Src/my_lcd.o
 .debug_macro   0x0001f11a       0x20 ./Core/Src/my_lcd.o
 .debug_macro   0x0001f13a       0x4c ./Core/Src/my_lcd.o
 .debug_macro   0x0001f186      0x1d4 ./Core/Src/stm32f4xx_hal_msp.o
 .debug_macro   0x0001f35a      0x1de ./Core/Src/stm32f4xx_it.o
 .debug_macro   0x0001f538      0x1ca ./Core/Src/system_stm32f4xx.o
 .debug_macro   0x0001f702      0x22a ./Drivers/STM32F4xx_HAL_Driver/Src/stm32f4xx_hal.o
 .debug_macro   0x0001f92c      0x1ca ./Drivers/STM32F4xx_HAL_Driver/Src/stm32f4xx_hal_cortex.o
 .debug_macro   0x0001faf6      0x1d0 ./Drivers/STM32F4xx_HAL_Driver/Src/stm32f4xx_hal_gpio.o
 .debug_macro   0x0001fcc6      0x218 ./Drivers/STM32F4xx_HAL_Driver/Src/stm32f4xx_hal_i2c.o
 .debug_macro   0x0001fede      0x1ee ./Drivers/STM32F4xx_HAL_Driver/Src/stm32f4xx_hal_rcc.o

.debug_line     0x00000000     0x958d
 .debug_line    0x00000000      0x820 ./Core/Src/main.o
 .debug_line    0x00000820      0xad9 ./Core/Src/my_lcd.o
 .debug_line    0x000012f9      0x771 ./Core/Src/stm32f4xx_hal_msp.o
 .debug_line    0x00001a6a      0x7d1 ./Core/Src/stm32f4xx_it.o
 .debug_line    0x0000223b      0x790 ./Core/Src/system_stm32f4xx.o
 .debug_line    0x000029cb       0x7a ./Core/Startup/startup_stm32f407vgtx.o
 .debug_line    0x00002a45      0xa14 ./Drivers/STM32F4xx_HAL_Driver/Src/stm32f4xx_hal.o
 .debug_line    0x00003459      0xce4 ./Drivers/STM32F4xx_HAL_Driver/Src/stm32f4xx_hal_cortex.o
 .debug_line    0x0000413d      0xb6c ./Drivers/STM32F4xx_HAL_Driver/Src/stm32f4xx_hal_gpio.o
 .debug_line    0x00004ca9     0x3ac1 ./Drivers/STM32F4xx_HAL_Driver/Src/stm32f4xx_hal_i2c.o
 .debug_line    0x0000876a      0xe23 ./Drivers/STM32F4xx_HAL_Driver/Src/stm32f4xx_hal_rcc.o

.debug_str      0x00000000    0xc28ea
 .debug_str     0x00000000    0xc28ea ./Core/Src/main.o
                              0xbd0b9 (size before relaxing)
 .debug_str     0x000c28ea    0xc094b ./Core/Src/my_lcd.o
 .debug_str     0x000c28ea    0xbcf1c ./Core/Src/stm32f4xx_hal_msp.o
 .debug_str     0x000c28ea    0xbc8e7 ./Core/Src/stm32f4xx_it.o
 .debug_str     0x000c28ea    0xbc9bd ./Core/Src/system_stm32f4xx.o
 .debug_str     0x000c28ea       0x92 ./Core/Startup/startup_stm32f407vgtx.o
 .debug_str     0x000c28ea    0xbd595 ./Drivers/STM32F4xx_HAL_Driver/Src/stm32f4xx_hal.o
 .debug_str     0x000c28ea    0xbd311 ./Drivers/STM32F4xx_HAL_Driver/Src/stm32f4xx_hal_cortex.o
 .debug_str     0x000c28ea    0xbcb8c ./Drivers/STM32F4xx_HAL_Driver/Src/stm32f4xx_hal_gpio.o
 .debug_str     0x000c28ea    0xbda2f ./Drivers/STM32F4xx_HAL_Driver/Src/stm32f4xx_hal_i2c.o
 .debug_str     0x000c28ea    0xbce45 ./Drivers/STM32F4xx_HAL_Driver/Src/stm32f4xx_hal_rcc.o

.comment        0x00000000       0x43
 .comment       0x00000000       0x43 ./Core/Src/main.o
                                 0x44 (size before relaxing)
 .comment       0x00000043       0x44 ./Core/Src/my_lcd.o
 .comment       0x00000043       0x44 ./Core/Src/stm32f4xx_hal_msp.o
 .comment       0x00000043       0x44 ./Core/Src/stm32f4xx_it.o
 .comment       0x00000043       0x44 ./Core/Src/system_stm32f4xx.o
 .comment       0x00000043       0x44 ./Drivers/STM32F4xx_HAL_Driver/Src/stm32f4xx_hal.o
 .comment       0x00000043       0x44 ./Drivers/STM32F4xx_HAL_Driver/Src/stm32f4xx_hal_cortex.o
 .comment       0x00000043       0x44 ./Drivers/STM32F4xx_HAL_Driver/Src/stm32f4xx_hal_gpio.o
 .comment       0x00000043       0x44 ./Drivers/STM32F4xx_HAL_Driver/Src/stm32f4xx_hal_i2c.o
 .comment       0x00000043       0x44 ./Drivers/STM32F4xx_HAL_Driver/Src/stm32f4xx_hal_rcc.o

.debug_frame    0x00000000     0x1cb8
 .debug_frame   0x00000000       0xb0 ./Core/Src/main.o
 .debug_frame   0x000000b0      0x144 ./Core/Src/my_lcd.o
 .debug_frame   0x000001f4       0x7c ./Core/Src/stm32f4xx_hal_msp.o
 .debug_frame   0x00000270      0x104 ./Core/Src/stm32f4xx_it.o
 .debug_frame   0x00000374       0x58 ./Core/Src/system_stm32f4xx.o
 .debug_frame   0x000003cc      0x374 ./Drivers/STM32F4xx_HAL_Driver/Src/stm32f4xx_hal.o
 .debug_frame   0x00000740      0x508 ./Drivers/STM32F4xx_HAL_Driver/Src/stm32f4xx_hal_cortex.o
 .debug_frame   0x00000c48      0x14c ./Drivers/STM32F4xx_HAL_Driver/Src/stm32f4xx_hal_gpio.o
 .debug_frame   0x00000d94      0xc84 ./Drivers/STM32F4xx_HAL_Driver/Src/stm32f4xx_hal_i2c.o
 .debug_frame   0x00001a18      0x1f4 ./Drivers/STM32F4xx_HAL_Driver/Src/stm32f4xx_hal_rcc.o
 .debug_frame   0x00001c0c       0x20 C:/Users/mulla/STM32CubeIDE_1.19.0/STM32CubeIDE/plugins/com.st.stm32cube.ide.mcu.externaltools.gnu-tools-for-stm32.13.3.rel1.win32_1.0.0.202411081344/tools/bin/../lib/gcc/arm-none-eabi/13.3.1/../../../../arm-none-eabi/lib/thumb/v7e-m/nofp\libc_nano.a(libc_a-memset.o)
 .debug_frame   0x00001c2c       0x2c C:/Users/mulla/STM32CubeIDE_1.19.0/STM32CubeIDE/plugins/com.st.stm32cube.ide.mcu.externaltools.gnu-tools-for-stm32.13.3.rel1.win32_1.0.0.202411081344/tools/bin/../lib/gcc/arm-none-eabi/13.3.1/../../../../arm-none-eabi/lib/thumb/v7e-m/nofp\libc_nano.a(libc_a-init.o)
 .debug_frame   0x00001c58       0x2c C:/Users/mulla/STM32CubeIDE_1.19.0/STM32CubeIDE/plugins/com.st.stm32cube.ide.mcu.externaltools.gnu-tools-for-stm32.13.3.rel1.win32_1.0.0.202411081344/tools/bin/../lib/gcc/arm-none-eabi/13.3.1/thumb/v7e-m/nofp\libgcc.a(_aeabi_uldivmod.o)
 .debug_frame   0x00001c84       0x34 C:/Users/mulla/STM32CubeIDE_1.19.0/STM32CubeIDE/plugins/com.st.stm32cube.ide.mcu.externaltools.gnu-tools-for-stm32.13.3.rel1.win32_1.0.0.202411081344/tools/bin/../lib/gcc/arm-none-eabi/13.3.1/thumb/v7e-m/nofp\libgcc.a(_udivmoddi4.o)

.debug_line_str
                0x00000000       0x76
 .debug_line_str
                0x00000000       0x76 ./Core/Startup/startup_stm32f407vgtx.o
