11:45:09 **** Incremental Build of configuration Debug for project Cursor_Position_Control ****
make -j12 all 
arm-none-eabi-gcc "../Core/Src/main.c" -mcpu=cortex-m4 -std=gnu11 -g3 -DDEBUG -DUSE_HAL_DRIVER -DSTM32F407xx -c -I../Core/Inc -I../Drivers/STM32F4xx_HAL_Driver/Inc -I../Drivers/STM32F4xx_HAL_Driver/Inc/Legacy -I../Drivers/CMSIS/Device/ST/STM32F4xx/Include -I../Drivers/CMSIS/Include -O0 -ffunction-sections -fdata-sections -Wall -fstack-usage -fcyclomatic-complexity -MMD -MP -MF"Core/Src/main.d" -MT"Core/Src/main.o" --specs=nano.specs -mfpu=fpv4-sp-d16 -mfloat-abi=hard -mthumb -o "Core/Src/main.o"
arm-none-eabi-gcc -o "Cursor_Position_Control.elf" @"objects.list"   -mcpu=cortex-m4 -T"D:\SUNBEAM\ARM_94255_shifa\day-10\assignment-10\Cursor_Position_Control\STM32F407VGTX_FLASH.ld" --specs=nosys.specs -Wl,-Map="Cursor_Position_Control.map" -Wl,--gc-sections -static --specs=nano.specs -mfpu=fpv4-sp-d16 -mfloat-abi=hard -mthumb -Wl,--start-group -lc -lm -Wl,--end-group
Finished building target: Cursor_Position_Control.elf
 
arm-none-eabi-size  Cursor_Position_Control.elf 
arm-none-eabi-objdump -h -S Cursor_Position_Control.elf  > "Cursor_Position_Control.list"
   text	   data	    bss	    dec	    hex	filename
   9724	     12	   1660	  11396	   2c84	Cursor_Position_Control.elf
Finished building: default.size.stdout
 
Finished building: Cursor_Position_Control.list
 

11:45:11 Build Finished. 0 errors, 0 warnings. (took 1s.939ms)

